[   32.6s] catsdogs_eta0.0_seed0 w=1    root: train 0.126 test 0.152 | tree: 25 nodes, train 0.000 test 0.181 (31.7s)
[   63.2s] catsdogs_eta0.0_seed0 w=2    root: train 0.111 test 0.152 | tree: 22 nodes, train 0.000 test 0.188 (29.8s)
[   95.2s] catsdogs_eta0.0_seed0 w=3    root: train 0.124 test 0.153 | tree: 12 nodes, train 0.000 test 0.206 (31.6s)
[  117.9s] catsdogs_eta0.0_seed0 w=4    root: train 0.088 test 0.164 | tree: 13 nodes, train 0.000 test 0.196 (22.2s)
[  127.0s] catsdogs_eta0.0_seed0 w=6    root: train 0.052 test 0.141 | tree: 3 nodes, train 0.000 test 0.153 (8.9s)
[  135.7s] catsdogs_eta0.0_seed0 w=8    root: train 0.056 test 0.147 | tree: 4 nodes, train 0.000 test 0.147 (8.6s)
[  140.3s] catsdogs_eta0.0_seed0 w=12   root: train 0.000 test 0.140 | tree: 1 nodes, train 0.000 test 0.140 (4.5s)
[  142.8s] catsdogs_eta0.0_seed0 w=16   root: train 0.000 test 0.133 | tree: 1 nodes, train 0.000 test 0.133 (2.4s)
[  144.1s] catsdogs_eta0.0_seed0 w=24   root: train 0.000 test 0.129 | tree: 1 nodes, train 0.000 test 0.129 (1.2s)
[  145.2s] catsdogs_eta0.0_seed0 w=32   root: train 0.000 test 0.132 | tree: 1 nodes, train 0.000 test 0.132 (1.0s)
[  146.2s] catsdogs_eta0.0_seed0 w=48   root: train 0.000 test 0.121 | tree: 1 nodes, train 0.000 test 0.121 (0.9s)
[  147.1s] catsdogs_eta0.0_seed0 w=64   root: train 0.000 test 0.119 | tree: 1 nodes, train 0.000 test 0.119 (0.8s)
[  148.0s] catsdogs_eta0.0_seed0 w=96   root: train 0.000 test 0.113 | tree: 1 nodes, train 0.000 test 0.113 (0.8s)
[  149.0s] catsdogs_eta0.0_seed0 w=128  root: train 0.000 test 0.117 | tree: 1 nodes, train 0.000 test 0.117 (0.9s)
[  150.2s] catsdogs_eta0.0_seed0 w=192  root: train 0.000 test 0.112 | tree: 1 nodes, train 0.000 test 0.112 (1.1s)
[  151.5s] catsdogs_eta0.0_seed0 w=256  root: train 0.000 test 0.111 | tree: 1 nodes, train 0.000 test 0.111 (1.2s)
[  153.2s] catsdogs_eta0.0_seed0 w=384  root: train 0.000 test 0.113 | tree: 1 nodes, train 0.000 test 0.113 (1.5s)
[  156.0s] catsdogs_eta0.0_seed0 w=512  root: train 0.000 test 0.115 | tree: 1 nodes, train 0.000 test 0.115 (2.4s)
[  210.8s] catsdogs_eta0.2_seed0 w=1    root: train 0.270 test 0.181 | tree: 42 nodes, train 0.000 test 0.332 (54.1s)
[ 1997.4s] catsdogs_eta0.2_seed0 w=2    root: train 0.267 test 0.186 | tree: 31 nodes, train 0.000 test 0.324 (1785.7s)
[ 2037.8s] catsdogs_eta0.2_seed0 w=3    root: train 0.246 test 0.236 | tree: 21 nodes, train 0.000 test 0.336 (39.9s)
[ 2073.0s] catsdogs_eta0.2_seed0 w=4    root: train 0.233 test 0.250 | tree: 16 nodes, train 0.000 test 0.351 (34.7s)
[ 2087.6s] catsdogs_eta0.2_seed0 w=6    root: train 0.142 test 0.284 | tree: 5 nodes, train 0.000 test 0.329 (14.3s)
[ 2096.3s] catsdogs_eta0.2_seed0 w=8    root: train 0.095 test 0.308 | tree: 3 nodes, train 0.000 test 0.318 (8.6s)
[ 2100.4s] catsdogs_eta0.2_seed0 w=12   root: train 0.002 test 0.319 | tree: 2 nodes, train 0.000 test 0.319 (4.0s)
[ 2102.0s] catsdogs_eta0.2_seed0 w=16   root: train 0.000 test 0.305 | tree: 1 nodes, train 0.000 test 0.305 (1.6s)
[ 2103.1s] catsdogs_eta0.2_seed0 w=24   root: train 0.000 test 0.283 | tree: 1 nodes, train 0.000 test 0.283 (1.0s)
[ 2103.9s] catsdogs_eta0.2_seed0 w=32   root: train 0.000 test 0.272 | tree: 1 nodes, train 0.000 test 0.272 (0.7s)
[ 2104.7s] catsdogs_eta0.2_seed0 w=48   root: train 0.000 test 0.276 | tree: 1 nodes, train 0.000 test 0.276 (0.7s)
[ 2105.6s] catsdogs_eta0.2_seed0 w=64   root: train 0.000 test 0.282 | tree: 1 nodes, train 0.000 test 0.282 (0.9s)
[ 2106.4s] catsdogs_eta0.2_seed0 w=96   root: train 0.000 test 0.266 | tree: 1 nodes, train 0.000 test 0.266 (0.7s)
[ 2107.4s] catsdogs_eta0.2_seed0 w=128  root: train 0.000 test 0.271 | tree: 1 nodes, train 0.000 test 0.271 (0.9s)
[ 2108.6s] catsdogs_eta0.2_seed0 w=192  root: train 0.000 test 0.248 | tree: 1 nodes, train 0.000 test 0.248 (1.1s)
[ 2110.1s] catsdogs_eta0.2_seed0 w=256  root: train 0.000 test 0.245 | tree: 1 nodes, train 0.000 test 0.245 (1.3s)
[ 2112.7s] catsdogs_eta0.2_seed0 w=384  root: train 0.000 test 0.251 | tree: 1 nodes, train 0.000 test 0.251 (2.3s)
[ 2116.4s] catsdogs_eta0.2_seed0 w=512  root: train 0.000 test 0.241 | tree: 1 nodes, train 0.000 test 0.241 (3.3s)
[ 2226.9s] cifar10_eta0.0_seed0 w=1    root: train 0.227 test 0.435 | tree: 79 nodes, train 0.000 test 0.477 (106.5s)
[ 2318.3s] cifar10_eta0.0_seed0 w=2    root: train 0.197 test 0.450 | tree: 51 nodes, train 0.000 test 0.480 (88.6s)
[ 2390.9s] cifar10_eta0.0_seed0 w=3    root: train 0.146 test 0.449 | tree: 34 nodes, train 0.000 test 0.478 (70.2s)
[ 2457.8s] cifar10_eta0.0_seed0 w=4    root: train 0.139 test 0.463 | tree: 26 nodes, train 0.000 test 0.498 (65.0s)
[ 2480.5s] cifar10_eta0.0_seed0 w=6    root: train 0.004 test 0.397 | tree: 13 nodes, train 0.000 test 0.397 (21.4s)
[ 2498.6s] cifar10_eta0.0_seed0 w=8    root: train 0.001 test 0.403 | tree: 10 nodes, train 0.000 test 0.403 (17.0s)
[ 2509.0s] cifar10_eta0.0_seed0 w=12   root: train 0.001 test 0.351 | tree: 10 nodes, train 0.000 test 0.351 (8.9s)
[ 2516.8s] cifar10_eta0.0_seed0 w=16   root: train 0.000 test 0.350 | tree: 9 nodes, train 0.000 test 0.350 (6.4s)
[ 2521.7s] cifar10_eta0.0_seed0 w=24   root: train 0.000 test 0.330 | tree: 9 nodes, train 0.000 test 0.330 (3.7s)
[ 2525.6s] cifar10_eta0.0_seed0 w=32   root: train 0.000 test 0.320 | tree: 9 nodes, train 0.000 test 0.320 (2.8s)
[ 2529.1s] cifar10_eta0.0_seed0 w=48   root: train 0.000 test 0.306 | tree: 9 nodes, train 0.000 test 0.306 (2.3s)
[ 2532.4s] cifar10_eta0.0_seed0 w=64   root: train 0.000 test 0.303 | tree: 9 nodes, train 0.000 test 0.303 (2.1s)
[ 2535.7s] cifar10_eta0.0_seed0 w=96   root: train 0.000 test 0.292 | tree: 9 nodes, train 0.000 test 0.292 (2.2s)
[ 2539.3s] cifar10_eta0.0_seed0 w=128  root: train 0.000 test 0.285 | tree: 9 nodes, train 0.000 test 0.285 (2.2s)
[ 2544.5s] cifar10_eta0.0_seed0 w=192  root: train 0.000 test 0.278 | tree: 9 nodes, train 0.000 test 0.278 (3.8s)
[ 2551.7s] cifar10_eta0.0_seed0 w=256  root: train 0.000 test 0.272 | tree: 9 nodes, train 0.000 test 0.272 (5.4s)
[ 2561.1s] cifar10_eta0.0_seed0 w=384  root: train 0.000 test 0.268 | tree: 9 nodes, train 0.000 test 0.268 (7.3s)
[ 2575.4s] cifar10_eta0.0_seed0 w=512  root: train 0.000 test 0.267 | tree: 9 nodes, train 0.000 test 0.267 (10.9s)
[ 2745.0s] cifar10_eta0.2_seed0 w=1    root: train 0.409 test 0.478 | tree: 105 nodes, train 0.000 test 0.601 (164.2s)
[ 2890.3s] cifar10_eta0.2_seed0 w=2    root: train 0.369 test 0.531 | tree: 70 nodes, train 0.000 test 0.611 (141.3s)
[ 3004.2s] cifar10_eta0.2_seed0 w=3    root: train 0.303 test 0.527 | tree: 48 nodes, train 0.000 test 0.617 (110.0s)
[ 3095.7s] cifar10_eta0.2_seed0 w=4    root: train 0.273 test 0.584 | tree: 43 nodes, train 0.000 test 0.635 (88.2s)
[ 3124.8s] cifar10_eta0.2_seed0 w=6    root: train 0.052 test 0.549 | tree: 17 nodes, train 0.000 test 0.555 (27.1s)
[ 3148.5s] cifar10_eta0.2_seed0 w=8    root: train 0.021 test 0.578 | tree: 12 nodes, train 0.000 test 0.579 (22.5s)
[ 3161.1s] cifar10_eta0.2_seed0 w=12   root: train 0.006 test 0.520 | tree: 11 nodes, train 0.000 test 0.520 (11.3s)
[ 3171.1s] cifar10_eta0.2_seed0 w=16   root: train 0.000 test 0.503 | tree: 10 nodes, train 0.000 test 0.503 (8.9s)
[ 3177.4s] cifar10_eta0.2_seed0 w=24   root: train 0.000 test 0.489 | tree: 9 nodes, train 0.000 test 0.489 (5.2s)
[ 3182.2s] cifar10_eta0.2_seed0 w=32   root: train 0.000 test 0.482 | tree: 9 nodes, train 0.000 test 0.482 (3.8s)
[ 3186.6s] cifar10_eta0.2_seed0 w=48   root: train 0.000 test 0.475 | tree: 9 nodes, train 0.000 test 0.475 (3.3s)
[ 3190.7s] cifar10_eta0.2_seed0 w=64   root: train 0.000 test 0.453 | tree: 9 nodes, train 0.000 test 0.453 (3.0s)
[ 3194.9s] cifar10_eta0.2_seed0 w=96   root: train 0.000 test 0.434 | tree: 9 nodes, train 0.000 test 0.434 (3.2s)
[ 3199.4s] cifar10_eta0.2_seed0 w=128  root: train 0.000 test 0.421 | tree: 9 nodes, train 0.000 test 0.421 (3.4s)
[ 3205.2s] cifar10_eta0.2_seed0 w=192  root: train 0.000 test 0.388 | tree: 9 nodes, train 0.000 test 0.388 (4.4s)
[ 3212.2s] cifar10_eta0.2_seed0 w=256  root: train 0.000 test 0.381 | tree: 9 nodes, train 0.000 test 0.381 (5.4s)
[ 3222.5s] cifar10_eta0.2_seed0 w=384  root: train 0.000 test 0.369 | tree: 9 nodes, train 0.000 test 0.369 (8.2s)
[ 3237.8s] cifar10_eta0.2_seed0 w=512  root: train 0.000 test 0.355 | tree: 9 nodes, train 0.000 test 0.355 (11.8s)
[ 3237.8s] done
